[INFO] Scanning for projects...
[INFO] 
[INFO] -------------------------< com.acccenture:ws >--------------------------
[INFO] Building ws 0.0.1-SNAPSHOT
[INFO]   from pom.xml
[INFO] --------------------------------[ war ]---------------------------------
[INFO] 
[INFO] >>> spring-boot:3.5.5:run (default-cli) > test-compile @ ws >>>
[INFO] 
[INFO] --- resources:3.3.1:resources (default-resources) @ ws ---
[INFO] Copying 1 resource from src\main\resources to target\classes
[INFO] Copying 0 resource from src\main\resources to target\classes
[INFO] 
[INFO] --- compiler:3.14.0:compile (default-compile) @ ws ---
[INFO] Recompiling the module because of changed source code.
[INFO] Compiling 15 source files with javac [debug parameters release 17] to target\classes
[INFO] 
[INFO] --- resources:3.3.1:testResources (default-testResources) @ ws ---
[INFO] skip non existing resourceDirectory C:\Users\azriil.bin.a.haziim\Videos\dev assemetn\ws\src\test\resources
[INFO] 
[INFO] --- compiler:3.14.0:testCompile (default-testCompile) @ ws ---
[INFO] Recompiling the module because of changed dependency.
[INFO] Compiling 5 source files with javac [debug parameters release 17] to target\test-classes
[WARNING] /C:/Users/azriil.bin.a.haziim/Videos/dev assemetn/ws/src/test/java/com/accenture/ws/controller/OrderAndBillingControllerTest.java:[30,6] org.springframework.boot.test.mock.mockito.MockBean in org.springframework.boot.test.mock.mockito has been deprecated and marked for removal
[WARNING] /C:/Users/azriil.bin.a.haziim/Videos/dev assemetn/ws/src/test/java/com/accenture/ws/controller/OrderAndBillingControllerTest.java:[30,6] org.springframework.boot.test.mock.mockito.MockBean in org.springframework.boot.test.mock.mockito has been deprecated and marked for removal
[WARNING] /C:/Users/azriil.bin.a.haziim/Videos/dev assemetn/ws/src/test/java/com/accenture/ws/controller/OrderAndBillingControllerTest.java:[30,6] org.springframework.boot.test.mock.mockito.MockBean in org.springframework.boot.test.mock.mockito has been deprecated and marked for removal
[WARNING] /C:/Users/azriil.bin.a.haziim/Videos/dev assemetn/ws/src/test/java/com/accenture/ws/controller/OrderAndBillingControllerTest.java:[30,6] org.springframework.boot.test.mock.mockito.MockBean in org.springframework.boot.test.mock.mockito has been deprecated and marked for removal
[WARNING] /C:/Users/azriil.bin.a.haziim/Videos/dev assemetn/ws/src/test/java/com/accenture/ws/controller/OrderAndBillingControllerTest.java:[30,6] org.springframework.boot.test.mock.mockito.MockBean in org.springframework.boot.test.mock.mockito has been deprecated and marked for removal
[INFO] 
[INFO] <<< spring-boot:3.5.5:run (default-cli) < test-compile @ ws <<<
[INFO] 
[INFO] 
[INFO] --- spring-boot:3.5.5:run (default-cli) @ ws ---
[INFO] Attaching agents: []

  .   ____          _            __ _ _
 /\\ / ___'_ __ _ _(_)_ __  __ _ \ \ \ \
( ( )\___ | '_ | '_| | '_ \/ _` | \ \ \ \
 \\/  ___)| |_)| | | | | || (_| |  ) ) ) )
  '  |____| .__|_| |_|_| |_\__, | / / / /
 =========|_|==============|___/=/_/_/_/

 :: Spring Boot ::                (v3.5.5)

2025-09-16T14:04:36.046+08:00  INFO 19292 --- [ws] [  restartedMain] com.accenture.ws.WsApplication           : Starting WsApplication using Java 17.0.15 with PID 19292 (C:\Users\azriil.bin.a.haziim\Videos\dev assemetn\ws\target\classes started by azriil.bin.a.haziim in C:\Users\azriil.bin.a.haziim\Videos\dev assemetn\ws)
2025-09-16T14:04:36.054+08:00  INFO 19292 --- [ws] [  restartedMain] com.accenture.ws.WsApplication           : No active profile set, falling back to 1 default profile: "default"
2025-09-16T14:04:36.153+08:00  INFO 19292 --- [ws] [  restartedMain] .e.DevToolsPropertyDefaultsPostProcessor : Devtools property defaults active! Set 'spring.devtools.add-properties' to 'false' to disable
2025-09-16T14:04:36.153+08:00  INFO 19292 --- [ws] [  restartedMain] .e.DevToolsPropertyDefaultsPostProcessor : For additional web related logging consider setting the 'logging.level.web' property to 'DEBUG'
2025-09-16T14:04:37.393+08:00  INFO 19292 --- [ws] [  restartedMain] .s.d.r.c.RepositoryConfigurationDelegate : Bootstrapping Spring Data JPA repositories in DEFAULT mode.
2025-09-16T14:04:37.507+08:00  INFO 19292 --- [ws] [  restartedMain] .s.d.r.c.RepositoryConfigurationDelegate : Finished Spring Data repository scanning in 95 ms. Found 1 JPA repository interface.
2025-09-16T14:04:38.664+08:00  INFO 19292 --- [ws] [  restartedMain] o.s.b.w.embedded.tomcat.TomcatWebServer  : Tomcat initialized with port 1706 (http)
2025-09-16T14:04:38.695+08:00  INFO 19292 --- [ws] [  restartedMain] o.apache.catalina.core.StandardService   : Starting service [Tomcat]
2025-09-16T14:04:38.696+08:00  INFO 19292 --- [ws] [  restartedMain] o.apache.catalina.core.StandardEngine    : Starting Servlet engine: [Apache Tomcat/10.1.44]
2025-09-16T14:04:38.782+08:00  INFO 19292 --- [ws] [  restartedMain] o.a.c.c.C.[Tomcat].[localhost].[/]       : Initializing Spring embedded WebApplicationContext
2025-09-16T14:04:38.785+08:00  INFO 19292 --- [ws] [  restartedMain] w.s.c.ServletWebServerApplicationContext : Root WebApplicationContext: initialization completed in 2628 ms
2025-09-16T14:04:39.088+08:00  INFO 19292 --- [ws] [  restartedMain] o.hibernate.jpa.internal.util.LogHelper  : HHH000204: Processing PersistenceUnitInfo [name: default]
2025-09-16T14:04:39.193+08:00  INFO 19292 --- [ws] [  restartedMain] org.hibernate.Version                    : HHH000412: Hibernate ORM core version 6.6.26.Final
2025-09-16T14:04:39.271+08:00  INFO 19292 --- [ws] [  restartedMain] o.h.c.internal.RegionFactoryInitiator    : HHH000026: Second-level cache disabled
2025-09-16T14:04:39.843+08:00  INFO 19292 --- [ws] [  restartedMain] o.s.o.j.p.SpringPersistenceUnitInfo      : No LoadTimeWeaver setup: ignoring JPA class transformer
2025-09-16T14:04:39.915+08:00  INFO 19292 --- [ws] [  restartedMain] com.zaxxer.hikari.HikariDataSource       : HikariPool-1 - Starting...
2025-09-16T14:04:40.494+08:00  INFO 19292 --- [ws] [  restartedMain] com.zaxxer.hikari.pool.HikariPool        : HikariPool-1 - Added connection com.mysql.cj.jdbc.ConnectionImpl@2e434f9
2025-09-16T14:04:40.496+08:00  INFO 19292 --- [ws] [  restartedMain] com.zaxxer.hikari.HikariDataSource       : HikariPool-1 - Start completed.
2025-09-16T14:04:40.632+08:00  INFO 19292 --- [ws] [  restartedMain] org.hibernate.orm.connections.pooling    : HHH10001005: Database info:
	Database JDBC URL [Connecting through datasource 'HikariDataSource (HikariPool-1)']
	Database driver: undefined/unknown
	Database version: 8.0.42
	Autocommit mode: undefined/unknown
	Isolation level: undefined/unknown
	Minimum pool size: undefined/unknown
	Maximum pool size: undefined/unknown
2025-09-16T14:04:42.222+08:00  INFO 19292 --- [ws] [  restartedMain] o.h.e.t.j.p.i.JtaPlatformInitiator       : HHH000489: No JTA platform available (set 'hibernate.transaction.jta.platform' to enable JTA platform integration)
2025-09-16T14:04:42.315+08:00  INFO 19292 --- [ws] [  restartedMain] j.LocalContainerEntityManagerFactoryBean : Initialized JPA EntityManagerFactory for persistence unit 'default'
2025-09-16T14:04:42.691+08:00  WARN 19292 --- [ws] [  restartedMain] JpaBaseConfiguration$JpaWebConfiguration : spring.jpa.open-in-view is enabled by default. Therefore, database queries may be performed during view rendering. Explicitly configure spring.jpa.open-in-view to disable this warning
2025-09-16T14:04:43.309+08:00  INFO 19292 --- [ws] [  restartedMain] o.s.b.d.a.OptionalLiveReloadServer       : LiveReload server is running on port 35729
2025-09-16T14:04:43.372+08:00  INFO 19292 --- [ws] [  restartedMain] o.s.b.w.embedded.tomcat.TomcatWebServer  : Tomcat started on port 1706 (http) with context path '/'
2025-09-16T14:04:43.386+08:00  INFO 19292 --- [ws] [  restartedMain] com.accenture.ws.WsApplication           : Started WsApplication in 8.188 seconds (process running for 8.979)
[INFO] ------------------------------------------------------------------------
[INFO] BUILD FAILURE
[INFO] ------------------------------------------------------------------------
[INFO] Total time:  04:31 min
[INFO] Finished at: 2025-09-16T14:08:50+08:00
[INFO] ------------------------------------------------------------------------
[ERROR] Failed to execute goal org.springframework.boot:spring-boot-maven-plugin:3.5.5:run (default-cli) on project ws: Process terminated with exit code: 1 -> [Help 1]
[ERROR] 
[ERROR] To see the full stack trace of the errors, re-run Maven with the -e switch.
[ERROR] Re-run Maven using the -X switch to enable full debug logging.
[ERROR] 
[ERROR] For more information about the errors and possible solutions, please read the following articles:
[ERROR] [Help 1] http://cwiki.apache.org/confluence/display/MAVEN/MojoExecutionException
Terminate batch job (Y/N)? 
